Loading plugins phase: Elapsed time ==> 0s.090ms
<CYPRESSTAG name="CyDsfit arguments...">
cydsfit arguments: -.fdsnotice -.fdswarpdepfile=warp_dependencies.txt -.fdselabdepfile=elab_dependencies.txt -.fdsbldfile=generated_files.txt -.fdsreffile=referenced_files.txt -p D:\PSoC4BLE-Central\capsenseled.cydsn\capsenseled.cyprj -d CY8C4247LQI-BL483 -s D:\PSoC4BLE-Central\capsenseled.cydsn\Generated_Source\PSoC4 -- -yv2 -q10 -ygs -o2 -v3 -.fftcfgtype=LE
</CYPRESSTAG>
<CYPRESSTAG name="Design elaboration results...">
ADD: sdb.M0033: error: The instance 'capsense', of component CapSense_CSD_P4_v2_30, contains an error. Unable to locate and customize component 'CapSense_CSD_P4_v2_30' used in schematic 'D:\PSoC4BLE-Central\capsenseled.cydsn\TopDesign\TopDesign.cysch'.
 *  (Component Update Tool)
 * D:\PSoC4BLE-Central\capsenseled.cydsn\TopDesign\TopDesign.cysch (Instance:capsense)

ADD: sdb.M0033: error: The instance 'ble', of component BLE_v2_30, contains an error. Unable to locate and customize component 'BLE_v2_30' used in schematic 'D:\PSoC4BLE-Central\capsenseled.cydsn\TopDesign\TopDesign.cysch'.
 *  (Component Update Tool)
 * D:\PSoC4BLE-Central\capsenseled.cydsn\TopDesign\TopDesign.cysch (Instance:ble)

</CYPRESSTAG>
Elaboration phase: Elapsed time ==> 0s.496ms
